10: 0x1.aec9c2p+2 0x1.6187ep+2 0x1.6444fep+2 0x1.5dcf9ep+2 0x1.5d7f4cp+2 0x1.7ee688p+2 0x1.75af34p+2 0x1.870674p+2 0x1.75bafp+2 0x1.9b8604p+2
0
